
> cutemaple-live2d-renderer@2.0.1 test
> node build-tests.mjs && node --test .test-dist/*.test.mjs

✔ slow frames stop at actual authored endpoint before the R5 corrective frame, exactly once (3.948ms)
✔ held climb plays the matching handoff as a real static start, excluding bridge latency (0.408ms)
✔ pause cancels the pending request; stale retries and tokens cannot hold the resumed action (0.2577ms)
✔ pause at held endpoint resumes without spending time held; new request may hold current endpoint (0.2546ms)
✔ explicit cancel and replacement state clear requests without creating a synthetic endpoint (0.4073ms)
✔ an invalid real endpoint pose cannot be acknowledged as phase one (0.8016ms)
✔ native clock arithmetic keeps R5 correction and previous completed loops distinct (0.283ms)
✔ endpoint command rejects wrong state, token, request, flag and generation types (0.6494ms)
✔ native identity rejects same-count wrong MOC IDs and malformed complete lists (0.5039ms)
Live2D Cubism SDK Core Version 6.0.1
✔ actual installed MOC and R5 queue stop at authored climb phase one, then sample real handoff phase zero (1923.5736ms)
✔ rest keeps head alive and exactly two native cycles at 30Hz (9.118ms)
✔ rest keeps head alive and exactly two native cycles at 60Hz (4.5468ms)
✔ rest keeps head alive and exactly two native cycles at 144Hz (5.1067ms)
✔ panel holds exact partial pose, preserves burst and rejects stale control (0.6673ms)
✔ roof endpoint wins over ordinary burst rest (0.4602ms)
✔ invalid local hold messages rejected (0.752ms)
✔ uneven frames and state interruption never add a third cycle (0.6987ms)
✔ a pose contact remains continuous when the sleeping artwork disappears (6.1043ms)
✔ pose contact curves reject unknown parameters, malformed or unordered data (0.7966ms)
✔ a painted material contact follows native vertices through nonrigid motion (1.2229ms)
✔ material binding accepts reversed winding and a shared triangle boundary (0.5993ms)
✔ material binding does not infer a contact outside valid native triangles (0.7637ms)
✔ new head declaration is versioned, excludes tails, and must name real native materials (3.9528ms)
✔ production geometry includes visible fringe vertices, ignores hidden views and long trailing parts (12.175ms)
✔ a failed/context-lost load cannot announce ready after its async work resolves (1.3353ms)
✔ explicit replacement invalidates old completion while accepting its own result (0.2542ms)
✔ stop permanently invalidates pending work in a document (0.7588ms)
✔ installed and v5 authored Maple motions pass the real Cubism R5 consistency checker (208.9862ms)
✔ diagnostics serialize actual visible brush, hand and replacement cuff topology (3.6141ms)
✔ the native identity comparison includes the independent drape axis and complete ground hand (1.0115ms)
✔ physics destinations come from the loaded resource and must name real native parameters (0.3799ms)
✔ production frame and static sampling preserve all declared motion values before physics (7.4264ms)
✔ only native boundaries emit cycles; duration metadata never substitutes for actual motion (3.9703ms)
✔ an interrupted fading motion cannot complete the replacement state (1.3678ms)
✔ one shot uses finished and counted loops leave state authority with host (0.2127ms)
✔ pause freezes animation and resume excludes time spent paused (0.2975ms)
✔ a suspension is bounded and physics steps never exceed 1/60 seconds (0.2532ms)
✔ missing states fail explicitly without invoking a substitute idle motion (0.6024ms)
✔ disposed playback ignores native callbacks (0.2629ms)
✔ model references stay on the local origin (0.37ms)
✔ malformed motion commands are rejected at the bridge boundary (0.5001ms)
✔ constant open-eye baselines allow blinking but authored closures own eyelids (0.4095ms)
✔ authored transition markers carry only their invocation token across interruptions (0.3795ms)
✔ swing crosses its center without Cubism padding and counts three complete turns (1.5936ms)
✔ envelope integration is independent of frame rate, including interrupted state changes (5.7932ms)
✔ cycle to idle preserves position and velocity, settling over the requested 1.2 seconds (0.7635ms)
✔ petting expires at three seconds, has two directions and never owns body or hand parameters (2.9083ms)
✔ playback freezes the swing clock and rejects stale petting tokens and paused inputs (2.0515ms)
✔ active swing petting eases to gentle motion without resetting phase, velocity or counted turns (0.427ms)
✔ pet expiry integration and interrupted recovery remain continuous across frame rates (3.3878ms)
✔ detaching revokes late petting, support context and motion callbacks from the old token (0.5502ms)
Live2D Cubism SDK Core Version 6.0.1
✔ production swing ownership reaches real Core, counts turns and preserves seated hands during petting (2439.5408ms)
Live2D Cubism SDK Core Version 6.0.1
✔ production static sampler replaces actual native drag geometry with seated and wall poses (421.4245ms)
✔ paused explicit play evaluates the new pose before geometry without time or events (3.9268ms)
✔ native endpoint callback and following wrapped phase produce continuous climb travel (1.0771ms)
✔ effect generations and motion tokens cannot leak across state changes (1.9702ms)
✔ simultaneous effect channels remain bounded and whole glyphs stay inside the visible rectangle (3.0748ms)
✔ wind is bounded, has independent left/right response and damps stale velocity (0.8806ms)
ℹ tests 58
ℹ suites 0
ℹ pass 58
ℹ fail 0
ℹ cancelled 0
ℹ skipped 0
ℹ todo 0
ℹ duration_ms 2704.5198
